// Jest Snapshot v1, https://goo.gl/fbAQLP

exports[`SignOut render tests button renders as expected 1`] = `
<button
  id="sign-out-button"
  onClick={[Function]}
  type="button"
>
  Sign Out
</button>
`;

exports[`SignOut render tests page renders as expected 1`] = `
<h1>
  You have successfully signed out
</h1>
`;
