// Jest Snapshot v1, https://goo.gl/fbAQLP

exports[`Navigation render tests when user is authenticated, the authenticated account page renders as expected 1`] = `
<body>
  <div>
    <div>
      <h1>
        Account: 
        test@test.com
      </h1>
      <h2>
        Forget your password?
      </h2>
      <form>
        <label
          id="email-label"
        >
          Email Address
        </label>
        <input
          aria-labelledby="email-label"
          id="email-input"
          name="email"
          placeholder="Email Address"
          type="email"
          value=""
        />
        <button
          disabled=""
          type="submit"
        >
          Reset My Password
        </button>
      </form>
      <h2>
        Change your password
      </h2>
      <form>
        <label
          id="new-password-label"
        >
          New Password
        </label>
        <input
          aria-labelledby="new-password-label"
          name="new-password"
          placeholder="New Password"
          type="password"
          value=""
        />
        <label
          id="confirm-new-password-label"
        >
          Confirm New Password
        </label>
        <input
          aria-labelledby="confirm-new-password-label"
          name="confirm-new-password"
          placeholder="Confirm New Password"
          type="password"
          value=""
        />
        <button
          disabled=""
          type="submit"
        >
          Change Password
        </button>
      </form>
      <h2>
        Delete your account
      </h2>
      <form>
        <label
          id="confirm-delete-user-label"
        >
          Are you sure you want to delete your account?
        </label>
        <input
          aria-labelledby="confirm-delete-user-label"
          name="confirm-delete"
          type="checkbox"
          value="false"
        />
        <button
          disabled=""
          type="submit"
        >
          Delete account
        </button>
      </form>
    </div>
  </div>
</body>
`;

exports[`Navigation render tests when user is unauthenticated, the public navigation bar renders as expected 1`] = `
<body>
  <div>
    <div>
      <h1>
        You are not allowed to access this page
      </h1>
    </div>
  </div>
</body>
`;
