// Jest Snapshot v1, https://goo.gl/fbAQLP

exports[`PasswordForget render tests page renders as expected 1`] = `
<body>
  <div>
    <div>
      <h1>
        Change Password
      </h1>
      <h2>
        Change your password
      </h2>
      <form>
        <label
          id="new-password-label"
        >
          New Password
        </label>
        <input
          aria-labelledby="new-password-label"
          name="new-password"
          placeholder="New Password"
          type="password"
          value=""
        />
        <label
          id="confirm-new-password-label"
        >
          Confirm New Password
        </label>
        <input
          aria-labelledby="confirm-new-password-label"
          name="confirm-new-password"
          placeholder="Confirm New Password"
          type="password"
          value=""
        />
        <button
          disabled=""
          type="submit"
        >
          Change Password
        </button>
      </form>
    </div>
  </div>
</body>
`;
