// Jest Snapshot v1, https://goo.gl/fbAQLP

exports[`PasswordForget render tests link renders as expected 1`] = `
<body>
  <div>
    <p>
      <a
        href="/pw-forget"
      >
        Forgot Password?
      </a>
    </p>
  </div>
</body>
`;

exports[`PasswordForget render tests page renders as expected 1`] = `
<body>
  <div>
    <div>
      <h1>
        Password Reset
      </h1>
      <h2>
        Forget your password?
      </h2>
      <form>
        <label
          id="email-label"
        >
          Email Address
        </label>
        <input
          aria-labelledby="email-label"
          id="email-input"
          name="email"
          placeholder="Email Address"
          type="email"
          value=""
        />
        <button
          disabled=""
          id="submit-button"
          type="submit"
        >
          Reset My Password
        </button>
      </form>
    </div>
  </div>
</body>
`;
